// Vitest Snapshot v1, https://vitest.dev/guide/snapshot.html

exports[`auto slug test can create a slug from multiple examples 1`] = `
{
  "pattern": "/:a-:b?-:c?/manifest.json",
  "prefix": "https://view.nls.uk/manifest",
  "slugTemplate": "manifests/:a-:b?-:c?",
}
`;
